// Vitest Snapshot v1, https://vitest.dev/guide/snapshot.html

exports[`commentary > renders styles consistently 1`] = `
[
  {
    "style": "standard",
    "text": "原因になりそうな箇所を検索しています。 初心者向け1行解説つき。 （rg= ripgrep（高速grep） / 依存関係の操作（パッケージ管理））",
  },
  {
    "style": "kansai",
    "text": "原因っぽいとこ探してるで。 初心者向け1行解説つき。 （rg= ripgrep（高速grep） / 依存関係の操作（パッケージ管理））",
  },
  {
    "style": "zundamon",
    "text": "原因になりそうな所を探してるのだ。 初心者向け1行解説つき。 （rg= ripgrep（高速grep） / 依存関係の操作（パッケージ管理））",
  },
]
`;
