// Vitest Snapshot v1, https://vitest.dev/guide/snapshot.html

exports[`commentary > renders styles consistently 1`] = `
[
  {
    "style": "standard",
    "text": "原因になりそうな箇所を検索しています。 1行メモ: 手がかりを探して調査範囲を絞っています。 （rg= ripgrep（高速grep） / 依存関係の操作（パッケージ管理））",
  },
  {
    "style": "kansai",
    "text": "原因っぽいとこ探してるで。 1行メモ: 手がかり探して調査範囲しぼってるで。 （rg= ripgrep（高速grep） / 依存関係の操作（パッケージ管理））",
  },
  {
    "style": "zundamon",
    "text": "原因になりそうな所を探してるのだ。 1行メモ: 手がかりを探して調査範囲をしぼってるのだ。 （rg= ripgrep（高速grep） / 依存関係の操作（パッケージ管理））",
  },
]
`;
