// Vitest Snapshot v1, https://vitest.dev/guide/snapshot.html

exports[`commentary quality fixtures > renders styles consistently 1`] = `
[
  {
    "id": "search-rg-pnpm",
    "intent": "検索系の実況で rg/pnpm 注釈を維持する",
    "outputs": [
      {
        "commentary": {
          "explanation": "「TODO」を手がかりにプロジェクト全体を横断検索して、関係する場所を絞っています。",
          "glossaryNotes": [
            "補足: rg はプロジェクト全体を高速検索するコマンド",
            "補足: pnpm/npm/yarn は依存関係やスクリプト実行に使う",
          ],
          "meta": {
            "explanationProvider": "rules",
            "mode": "both",
            "narrationProvider": "rules",
          },
          "narration": "原因になりそうな箇所を検索しています。",
        },
        "style": "standard",
      },
      {
        "commentary": {
          "explanation": "「TODO」を手がかりにプロジェクト全体を横断検索して、関係する場所を絞っています。",
          "glossaryNotes": [
            "補足: rg はプロジェクト全体を高速検索するコマンド",
            "補足: pnpm/npm/yarn は依存関係やスクリプト実行に使う",
          ],
          "meta": {
            "explanationProvider": "rules",
            "mode": "both",
            "narrationProvider": "rules",
          },
          "narration": "原因っぽいとこ探してるで。",
        },
        "style": "kansai",
      },
      {
        "commentary": {
          "explanation": "「TODO」を手がかりにプロジェクト全体を横断検索して、関係する場所を絞っています。",
          "glossaryNotes": [
            "補足: rg はプロジェクト全体を高速検索するコマンド",
            "補足: pnpm/npm/yarn は依存関係やスクリプト実行に使う",
          ],
          "meta": {
            "explanationProvider": "rules",
            "mode": "both",
            "narrationProvider": "rules",
          },
          "narration": "原因になりそうな所を探してるのだ。",
        },
        "style": "zundamon",
      },
    ],
  },
  {
    "id": "write-node-pty-websocket",
    "intent": "更新系の実況で pty/websocket 注釈を維持する",
    "outputs": [
      {
        "commentary": {
          "explanation": "問題を直すために内容を更新しています。",
          "glossaryNotes": [
            "補足: pty は CLI を仮想端末として包んで動かす仕組み",
            "補足: WebSocket は画面とサーバーをつなぐ常時接続",
          ],
          "meta": {
            "explanationProvider": "rules",
            "mode": "both",
            "narrationProvider": "rules",
          },
          "narration": "ファイルを書き換えて修正を反映しています。",
        },
        "style": "standard",
      },
      {
        "commentary": {
          "explanation": "問題を直すために内容を更新しています。",
          "glossaryNotes": [
            "補足: pty は CLI を仮想端末として包んで動かす仕組み",
            "補足: WebSocket は画面とサーバーをつなぐ常時接続",
          ],
          "meta": {
            "explanationProvider": "rules",
            "mode": "both",
            "narrationProvider": "rules",
          },
          "narration": "ファイル書き換えて修正反映してるで。",
        },
        "style": "kansai",
      },
      {
        "commentary": {
          "explanation": "問題を直すために内容を更新しています。",
          "glossaryNotes": [
            "補足: pty は CLI を仮想端末として包んで動かす仕組み",
            "補足: WebSocket は画面とサーバーをつなぐ常時接続",
          ],
          "meta": {
            "explanationProvider": "rules",
            "mode": "both",
            "narrationProvider": "rules",
          },
          "narration": "修正を反映して書き換えてるのだ。",
        },
        "style": "zundamon",
      },
    ],
  },
  {
    "id": "github-gh-git",
    "intent": "GitHub運用の実況で gh/git 注釈を維持する",
    "outputs": [
      {
        "commentary": {
          "explanation": "PRの自動チェック結果を見て、公開前の安全確認をしています。",
          "glossaryNotes": [
            "補足: gh は GitHub を操作する公式CLI",
            "補足: git は変更履歴を管理する仕組み",
          ],
          "meta": {
            "explanationProvider": "rules",
            "mode": "both",
            "narrationProvider": "rules",
          },
          "narration": "GitHub上のIssue/PRを操作しています。",
        },
        "style": "standard",
      },
      {
        "commentary": {
          "explanation": "PRの自動チェック結果を見て、公開前の安全確認をしています。",
          "glossaryNotes": [
            "補足: gh は GitHub を操作する公式CLI",
            "補足: git は変更履歴を管理する仕組み",
          ],
          "meta": {
            "explanationProvider": "rules",
            "mode": "both",
            "narrationProvider": "rules",
          },
          "narration": "GitHubのIssue/PR触ってるで。",
        },
        "style": "kansai",
      },
      {
        "commentary": {
          "explanation": "PRの自動チェック結果を見て、公開前の安全確認をしています。",
          "glossaryNotes": [
            "補足: gh は GitHub を操作する公式CLI",
            "補足: git は変更履歴を管理する仕組み",
          ],
          "meta": {
            "explanationProvider": "rules",
            "mode": "both",
            "narrationProvider": "rules",
          },
          "narration": "GitHubのIssue/PRを操作してるのだ。",
        },
        "style": "zundamon",
      },
    ],
  },
  {
    "id": "error-tsc",
    "intent": "失敗系の実況で tsc/typecheck 注釈を維持する",
    "outputs": [
      {
        "commentary": {
          "explanation": "TypeScript が『データや部品のつながりが合っていない』箇所を知らせています。",
          "glossaryNotes": [
            "補足: tsc/typecheck は型の整合性を自動確認するチェック",
          ],
          "meta": {
            "explanationProvider": "rules",
            "mode": "both",
            "narrationProvider": "rules",
          },
          "narration": "エラーが出ています。原因特定→修正の流れになりそうです。 引っかかっている行は「error TS2322 in src/index.ts during tsc -p tsconfig.json」です。",
        },
        "style": "standard",
      },
      {
        "commentary": {
          "explanation": "TypeScript が『データや部品のつながりが合っていない』箇所を知らせています。",
          "glossaryNotes": [
            "補足: tsc/typecheck は型の整合性を自動確認するチェック",
          ],
          "meta": {
            "explanationProvider": "rules",
            "mode": "both",
            "narrationProvider": "rules",
          },
          "narration": "エラーや。原因特定して直す流れやな。 引っかかってる行は「error TS2322 in src/index.ts during tsc -p tsconfig.json」や。",
        },
        "style": "kansai",
      },
      {
        "commentary": {
          "explanation": "TypeScript が『データや部品のつながりが合っていない』箇所を知らせています。",
          "glossaryNotes": [
            "補足: tsc/typecheck は型の整合性を自動確認するチェック",
          ],
          "meta": {
            "explanationProvider": "rules",
            "mode": "both",
            "narrationProvider": "rules",
          },
          "narration": "エラーなのだ…原因を見つけて直すのだ。 引っかかってる行は「error TS2322 in src/index.ts during tsc -p tsconfig.json」なのだ。",
        },
        "style": "zundamon",
      },
    ],
  },
  {
    "id": "stdout-claude-detail",
    "intent": "通常出力でも見えている行の中身が少し分かる",
    "outputs": [
      {
        "commentary": {
          "explanation": "README.md を読んで、手順や前提を確認しています。",
          "glossaryNotes": [],
          "meta": {
            "explanationProvider": "rules",
            "mode": "both",
            "narrationProvider": "rules",
          },
          "narration": "今見えている出力は「⏺ Read(/Users/demo/project/README.md)」です。",
        },
        "style": "standard",
      },
      {
        "commentary": {
          "explanation": "README.md を読んで、手順や前提を確認しています。",
          "glossaryNotes": [],
          "meta": {
            "explanationProvider": "rules",
            "mode": "both",
            "narrationProvider": "rules",
          },
          "narration": "今見えてる出力は「⏺ Read(/Users/demo/project/README.md)」や。",
        },
        "style": "kansai",
      },
      {
        "commentary": {
          "explanation": "README.md を読んで、手順や前提を確認しています。",
          "glossaryNotes": [],
          "meta": {
            "explanationProvider": "rules",
            "mode": "both",
            "narrationProvider": "rules",
          },
          "narration": "今見えてる出力は「⏺ Read(/Users/demo/project/README.md)」なのだ。",
        },
        "style": "zundamon",
      },
    ],
  },
  {
    "id": "git-status-detail",
    "intent": "git status の一行メモを具体化する",
    "outputs": [
      {
        "commentary": {
          "explanation": "変更されたファイル一覧を見て、今どこまで触ったか確認しています。",
          "glossaryNotes": [
            "補足: git は変更履歴を管理する仕組み",
          ],
          "meta": {
            "explanationProvider": "rules",
            "mode": "both",
            "narrationProvider": "rules",
          },
          "narration": "Gitで変更履歴を整理しています。",
        },
        "style": "standard",
      },
      {
        "commentary": {
          "explanation": "変更されたファイル一覧を見て、今どこまで触ったか確認しています。",
          "glossaryNotes": [
            "補足: git は変更履歴を管理する仕組み",
          ],
          "meta": {
            "explanationProvider": "rules",
            "mode": "both",
            "narrationProvider": "rules",
          },
          "narration": "Gitで変更まとめてるで。",
        },
        "style": "kansai",
      },
      {
        "commentary": {
          "explanation": "変更されたファイル一覧を見て、今どこまで触ったか確認しています。",
          "glossaryNotes": [
            "補足: git は変更履歴を管理する仕組み",
          ],
          "meta": {
            "explanationProvider": "rules",
            "mode": "both",
            "narrationProvider": "rules",
          },
          "narration": "Gitで変更を整理してるのだ。",
        },
        "style": "zundamon",
      },
    ],
  },
  {
    "id": "apply-patch-detail",
    "intent": "apply_patch の一行メモを差分適用として伝える",
    "outputs": [
      {
        "commentary": {
          "explanation": "変更差分をまとめて当てて、複数箇所を一気に更新しています。",
          "glossaryNotes": [],
          "meta": {
            "explanationProvider": "rules",
            "mode": "both",
            "narrationProvider": "rules",
          },
          "narration": "ファイルを書き換えて修正を反映しています。",
        },
        "style": "standard",
      },
      {
        "commentary": {
          "explanation": "変更差分をまとめて当てて、複数箇所を一気に更新しています。",
          "glossaryNotes": [],
          "meta": {
            "explanationProvider": "rules",
            "mode": "both",
            "narrationProvider": "rules",
          },
          "narration": "ファイル書き換えて修正反映してるで。",
        },
        "style": "kansai",
      },
      {
        "commentary": {
          "explanation": "変更差分をまとめて当てて、複数箇所を一気に更新しています。",
          "glossaryNotes": [],
          "meta": {
            "explanationProvider": "rules",
            "mode": "both",
            "narrationProvider": "rules",
          },
          "narration": "修正を反映して書き換えてるのだ。",
        },
        "style": "zundamon",
      },
    ],
  },
  {
    "id": "read-readme-detail",
    "intent": "Read の一行メモで前提確認だと伝える",
    "outputs": [
      {
        "commentary": {
          "explanation": "README.md を読んで、手順や前提を確認しています。",
          "glossaryNotes": [],
          "meta": {
            "explanationProvider": "rules",
            "mode": "both",
            "narrationProvider": "rules",
          },
          "narration": "ファイルを読んで状況を確認しています。",
        },
        "style": "standard",
      },
      {
        "commentary": {
          "explanation": "README.md を読んで、手順や前提を確認しています。",
          "glossaryNotes": [],
          "meta": {
            "explanationProvider": "rules",
            "mode": "both",
            "narrationProvider": "rules",
          },
          "narration": "ファイル読んで状況確認してるで。",
        },
        "style": "kansai",
      },
      {
        "commentary": {
          "explanation": "README.md を読んで、手順や前提を確認しています。",
          "glossaryNotes": [],
          "meta": {
            "explanationProvider": "rules",
            "mode": "both",
            "narrationProvider": "rules",
          },
          "narration": "ファイルを読んで状況確認してるのだ。",
        },
        "style": "zundamon",
      },
    ],
  },
  {
    "id": "stdout-ssh-docker-detail",
    "intent": "長い Bash コマンドを人間向けの意味で要約する",
    "outputs": [
      {
        "commentary": {
          "explanation": "接続先が正しいかを確かめつつ、サーバー上で今どのサービスが動いているか棚卸ししています。",
          "glossaryNotes": [],
          "meta": {
            "explanationProvider": "rules",
            "mode": "both",
            "narrationProvider": "rules",
          },
          "narration": "いまやっているのは、リモートサーバーに接続して Docker コンテナの稼働状況を確認する作業です。",
        },
        "style": "standard",
      },
      {
        "commentary": {
          "explanation": "接続先が正しいかを確かめつつ、サーバー上で今どのサービスが動いているか棚卸ししています。",
          "glossaryNotes": [],
          "meta": {
            "explanationProvider": "rules",
            "mode": "both",
            "narrationProvider": "rules",
          },
          "narration": "今やってるのは、リモートサーバー入って Docker コンテナの動作状況を確認する作業や。",
        },
        "style": "kansai",
      },
      {
        "commentary": {
          "explanation": "接続先が正しいかを確かめつつ、サーバー上で今どのサービスが動いているか棚卸ししています。",
          "glossaryNotes": [],
          "meta": {
            "explanationProvider": "rules",
            "mode": "both",
            "narrationProvider": "rules",
          },
          "narration": "今やってるのは、リモートサーバーに入って Docker コンテナの動作状況を確認する作業なのだ。",
        },
        "style": "zundamon",
      },
    ],
  },
  {
    "id": "done-no-detail",
    "intent": "詳細なし完了時でも口調差分を維持する",
    "outputs": [
      {
        "commentary": {
          "explanation": "作業がひと区切りで、結果を確認しています。",
          "glossaryNotes": [],
          "meta": {
            "explanationProvider": "rules",
            "mode": "both",
            "narrationProvider": "rules",
          },
          "narration": "いったん区切りです。おつかれさまでした。",
        },
        "style": "standard",
      },
      {
        "commentary": {
          "explanation": "作業がひと区切りで、結果を確認しています。",
          "glossaryNotes": [],
          "meta": {
            "explanationProvider": "rules",
            "mode": "both",
            "narrationProvider": "rules",
          },
          "narration": "ひとまず区切りや。おつかれさん。",
        },
        "style": "kansai",
      },
      {
        "commentary": {
          "explanation": "作業がひと区切りで、結果を確認しています。",
          "glossaryNotes": [],
          "meta": {
            "explanationProvider": "rules",
            "mode": "both",
            "narrationProvider": "rules",
          },
          "narration": "いったん区切りなのだ。おつかれさまなのだ。",
        },
        "style": "zundamon",
      },
    ],
  },
  {
    "id": "start-no-detail",
    "intent": "開始イベントでも3スタイルで導入コメントを維持する",
    "outputs": [
      {
        "commentary": {
          "explanation": "これから作業の流れを順に追います。",
          "glossaryNotes": [],
          "meta": {
            "explanationProvider": "rules",
            "mode": "both",
            "narrationProvider": "rules",
          },
          "narration": "開始しました。これから作業の流れを実況します。",
        },
        "style": "standard",
      },
      {
        "commentary": {
          "explanation": "これから作業の流れを順に追います。",
          "glossaryNotes": [],
          "meta": {
            "explanationProvider": "rules",
            "mode": "both",
            "narrationProvider": "rules",
          },
          "narration": "開始や。実況いくで。",
        },
        "style": "kansai",
      },
      {
        "commentary": {
          "explanation": "これから作業の流れを順に追います。",
          "glossaryNotes": [],
          "meta": {
            "explanationProvider": "rules",
            "mode": "both",
            "narrationProvider": "rules",
          },
          "narration": "開始なのだ！実況していくのだ。",
        },
        "style": "zundamon",
      },
    ],
  },
  {
    "id": "stderr-port-collision",
    "intent": "stderr イベントでは問題の行を添えて内容確認中だと伝える",
    "outputs": [
      {
        "commentary": {
          "explanation": "エラー出力を確認して原因を絞っています。",
          "glossaryNotes": [],
          "meta": {
            "explanationProvider": "rules",
            "mode": "both",
            "narrationProvider": "rules",
          },
          "narration": "エラー出力が出ているので内容を確認しています。 引っかかっている行は「Error: listen EADDRINUSE: address already in use :::8787」です。",
        },
        "style": "standard",
      },
      {
        "commentary": {
          "explanation": "エラー出力を確認して原因を絞っています。",
          "glossaryNotes": [],
          "meta": {
            "explanationProvider": "rules",
            "mode": "both",
            "narrationProvider": "rules",
          },
          "narration": "エラー出力が出てるから内容確認してるで。 引っかかってる行は「Error: listen EADDRINUSE: address already in use :::8787」や。",
        },
        "style": "kansai",
      },
      {
        "commentary": {
          "explanation": "エラー出力を確認して原因を絞っています。",
          "glossaryNotes": [],
          "meta": {
            "explanationProvider": "rules",
            "mode": "both",
            "narrationProvider": "rules",
          },
          "narration": "エラー出力が出てるので内容を確認してるのだ。 引っかかってる行は「Error: listen EADDRINUSE: address already in use :::8787」なのだ。",
        },
        "style": "zundamon",
      },
    ],
  },
  {
    "id": "test-vitest-command",
    "intent": "vitest 実行では自動テスト確認の一行メモを出す",
    "outputs": [
      {
        "commentary": {
          "explanation": "変更の副作用がないか、自動テストで機械的に確認しています。",
          "glossaryNotes": [
            "補足: pnpm/npm/yarn は依存関係やスクリプト実行に使う",
            "補足: Vitest/Jest は自動テストを走らせる仕組み",
          ],
          "meta": {
            "explanationProvider": "rules",
            "mode": "both",
            "narrationProvider": "rules",
          },
          "narration": "テスト/型チェックで壊れていないか確認しています。",
        },
        "style": "standard",
      },
      {
        "commentary": {
          "explanation": "変更の副作用がないか、自動テストで機械的に確認しています。",
          "glossaryNotes": [
            "補足: pnpm/npm/yarn は依存関係やスクリプト実行に使う",
            "補足: Vitest/Jest は自動テストを走らせる仕組み",
          ],
          "meta": {
            "explanationProvider": "rules",
            "mode": "both",
            "narrationProvider": "rules",
          },
          "narration": "テスト/型チェック回して確認中や。",
        },
        "style": "kansai",
      },
      {
        "commentary": {
          "explanation": "変更の副作用がないか、自動テストで機械的に確認しています。",
          "glossaryNotes": [
            "補足: pnpm/npm/yarn は依存関係やスクリプト実行に使う",
            "補足: Vitest/Jest は自動テストを走らせる仕組み",
          ],
          "meta": {
            "explanationProvider": "rules",
            "mode": "both",
            "narrationProvider": "rules",
          },
          "narration": "テスト/型チェックで確認してるのだ。",
        },
        "style": "zundamon",
      },
    ],
  },
  {
    "id": "test-typecheck-command",
    "intent": "typecheck 実行では型ルール確認の一行メモを出す",
    "outputs": [
      {
        "commentary": {
          "explanation": "プログラム同士のつながりが噛み合っているか、型ルールで機械確認しています。",
          "glossaryNotes": [
            "補足: tsc/typecheck は型の整合性を自動確認するチェック",
            "補足: pnpm/npm/yarn は依存関係やスクリプト実行に使う",
          ],
          "meta": {
            "explanationProvider": "rules",
            "mode": "both",
            "narrationProvider": "rules",
          },
          "narration": "テスト/型チェックで壊れていないか確認しています。",
        },
        "style": "standard",
      },
      {
        "commentary": {
          "explanation": "プログラム同士のつながりが噛み合っているか、型ルールで機械確認しています。",
          "glossaryNotes": [
            "補足: tsc/typecheck は型の整合性を自動確認するチェック",
            "補足: pnpm/npm/yarn は依存関係やスクリプト実行に使う",
          ],
          "meta": {
            "explanationProvider": "rules",
            "mode": "both",
            "narrationProvider": "rules",
          },
          "narration": "テスト/型チェック回して確認中や。",
        },
        "style": "kansai",
      },
      {
        "commentary": {
          "explanation": "プログラム同士のつながりが噛み合っているか、型ルールで機械確認しています。",
          "glossaryNotes": [
            "補足: tsc/typecheck は型の整合性を自動確認するチェック",
            "補足: pnpm/npm/yarn は依存関係やスクリプト実行に使う",
          ],
          "meta": {
            "explanationProvider": "rules",
            "mode": "both",
            "narrationProvider": "rules",
          },
          "narration": "テスト/型チェックで確認してるのだ。",
        },
        "style": "zundamon",
      },
    ],
  },
  {
    "id": "lint-eslint-command",
    "intent": "lint 実行では品質ルール確認と pnpm 注釈を維持する",
    "outputs": [
      {
        "commentary": {
          "explanation": "読みやすさと品質ルールを確認しています。",
          "glossaryNotes": [
            "補足: pnpm/npm/yarn は依存関係やスクリプト実行に使う",
          ],
          "meta": {
            "explanationProvider": "rules",
            "mode": "both",
            "narrationProvider": "rules",
          },
          "narration": "コードの品質チェック/整形を行っています。",
        },
        "style": "standard",
      },
      {
        "commentary": {
          "explanation": "読みやすさと品質ルールを確認しています。",
          "glossaryNotes": [
            "補足: pnpm/npm/yarn は依存関係やスクリプト実行に使う",
          ],
          "meta": {
            "explanationProvider": "rules",
            "mode": "both",
            "narrationProvider": "rules",
          },
          "narration": "コードチェック/整形してるで。",
        },
        "style": "kansai",
      },
      {
        "commentary": {
          "explanation": "読みやすさと品質ルールを確認しています。",
          "glossaryNotes": [
            "補足: pnpm/npm/yarn は依存関係やスクリプト実行に使う",
          ],
          "meta": {
            "explanationProvider": "rules",
            "mode": "both",
            "narrationProvider": "rules",
          },
          "narration": "コードチェック/整形してるのだ。",
        },
        "style": "zundamon",
      },
    ],
  },
  {
    "id": "build-vite-command",
    "intent": "build 実行では配布向けにまとめる説明と pnpm 注釈を維持する",
    "outputs": [
      {
        "commentary": {
          "explanation": "実行・配布できる形にまとめています。",
          "glossaryNotes": [
            "補足: pnpm/npm/yarn は依存関係やスクリプト実行に使う",
          ],
          "meta": {
            "explanationProvider": "rules",
            "mode": "both",
            "narrationProvider": "rules",
          },
          "narration": "ビルド処理を実行しています。",
        },
        "style": "standard",
      },
      {
        "commentary": {
          "explanation": "実行・配布できる形にまとめています。",
          "glossaryNotes": [
            "補足: pnpm/npm/yarn は依存関係やスクリプト実行に使う",
          ],
          "meta": {
            "explanationProvider": "rules",
            "mode": "both",
            "narrationProvider": "rules",
          },
          "narration": "ビルド走らせてるで。",
        },
        "style": "kansai",
      },
      {
        "commentary": {
          "explanation": "実行・配布できる形にまとめています。",
          "glossaryNotes": [
            "補足: pnpm/npm/yarn は依存関係やスクリプト実行に使う",
          ],
          "meta": {
            "explanationProvider": "rules",
            "mode": "both",
            "narrationProvider": "rules",
          },
          "narration": "ビルドを実行してるのだ。",
        },
        "style": "zundamon",
      },
    ],
  },
  {
    "id": "server-dev-command",
    "intent": "server 起動では実行環境を立ち上げる説明と pnpm 注釈を維持する",
    "outputs": [
      {
        "commentary": {
          "explanation": "動作確認のため実行環境を立ち上げています。",
          "glossaryNotes": [
            "補足: pnpm/npm/yarn は依存関係やスクリプト実行に使う",
          ],
          "meta": {
            "explanationProvider": "rules",
            "mode": "both",
            "narrationProvider": "rules",
          },
          "narration": "開発サーバーを起動・確認しています。",
        },
        "style": "standard",
      },
      {
        "commentary": {
          "explanation": "動作確認のため実行環境を立ち上げています。",
          "glossaryNotes": [
            "補足: pnpm/npm/yarn は依存関係やスクリプト実行に使う",
          ],
          "meta": {
            "explanationProvider": "rules",
            "mode": "both",
            "narrationProvider": "rules",
          },
          "narration": "開発サーバー立ち上げてるで。",
        },
        "style": "kansai",
      },
      {
        "commentary": {
          "explanation": "動作確認のため実行環境を立ち上げています。",
          "glossaryNotes": [
            "補足: pnpm/npm/yarn は依存関係やスクリプト実行に使う",
          ],
          "meta": {
            "explanationProvider": "rules",
            "mode": "both",
            "narrationProvider": "rules",
          },
          "narration": "開発サーバーを立ち上げてるのだ。",
        },
        "style": "zundamon",
      },
    ],
  },
  {
    "id": "install-pnpm-add",
    "intent": "install 実行では依存追加の説明と pnpm 注釈を維持する",
    "outputs": [
      {
        "commentary": {
          "explanation": "必要なツールや依存を揃えています。",
          "glossaryNotes": [
            "補足: pnpm/npm/yarn は依存関係やスクリプト実行に使う",
          ],
          "meta": {
            "explanationProvider": "rules",
            "mode": "both",
            "narrationProvider": "rules",
          },
          "narration": "依存関係の追加やスクリプト実行をしています。",
        },
        "style": "standard",
      },
      {
        "commentary": {
          "explanation": "必要なツールや依存を揃えています。",
          "glossaryNotes": [
            "補足: pnpm/npm/yarn は依存関係やスクリプト実行に使う",
          ],
          "meta": {
            "explanationProvider": "rules",
            "mode": "both",
            "narrationProvider": "rules",
          },
          "narration": "依存関係やスクリプト処理してるで。",
        },
        "style": "kansai",
      },
      {
        "commentary": {
          "explanation": "必要なツールや依存を揃えています。",
          "glossaryNotes": [
            "補足: pnpm/npm/yarn は依存関係やスクリプト実行に使う",
          ],
          "meta": {
            "explanationProvider": "rules",
            "mode": "both",
            "narrationProvider": "rules",
          },
          "narration": "依存関係やスクリプトを処理してるのだ。",
        },
        "style": "zundamon",
      },
    ],
  },
]
`;
